// Jest Snapshot v1, https://goo.gl/fbAQLP

exports[`List Component renders List component 1`] = `
<DocumentFragment>
  <ul
    data-testid="characters"
  >
    <li>
      <a
        href="/test1"
      >
        <img
          src="https://www.placecage.com/c/140/200"
        />
        <h3>
          test1
        </h3>
      </a>
    </li>
    <li>
      <a
        href="/test2"
      >
        <img
          src="https://www.placecage.com/c/140/200"
        />
        <h3>
          test2
        </h3>
      </a>
    </li>
  </ul>
</DocumentFragment>
`;
