// Jest Snapshot v1, https://goo.gl/fbAQLP

exports[`App component renders App 1`] = `
<DocumentFragment>
  <div>
    <h1>
      The Truth is Here
    </h1>
    <div>
      <p>
        Loading
      </p>
      <img
        data-testid="loading"
        src="https://i.giphy.com/media/uvDn0BLHElgRO/giphy.webp"
      />
    </div>
  </div>
</DocumentFragment>
`;
